Component: ARM Compiler 5.06 update 6 (build 750) Tool: armlink [4d35ed]

==============================================================================

Section Cross References

    daisylink.o(.text) refers to daisylink.o(i.__ARM_common_switch8) for __ARM_common_switch8
    daisylink.o(.text) refers to hal_lpc1114f302.o(.text) for HAL_I2C_Read
    daisylink.o(.text) refers to dl40.o(.text) for DL_Platform_WriteRegister
    daisylink.o(.text) refers to rt_memcpy.o(.text) for __aeabi_memcpy
    daisylink.o(.text) refers to daisylink.o(.data) for reg
    gpio.o(.text) refers to gpio.o(.data) for gpio0_counter
    gpio.o(.text) refers to gpio.o(.constdata) for LPC_GPIO
    hal_lpc1114f302.o(.text) refers to i2c.o(.text) for I2CSlaveInit
    hal_lpc1114f302.o(.text) refers to system_lpc11xx.o(.text) for SystemInit
    hal_lpc1114f302.o(.text) refers to aeabi_sdiv.o(.text) for __aeabi_uidivmod
    hal_lpc1114f302.o(.text) refers to hal_lpc1114f302.o(.data) for ticks
    hal_lpc1114f302.o(.text) refers to system_lpc11xx.o(.data) for SystemFrequency
    i2c.o(.text) refers to daisylink.o(i.__ARM_common_switch8) for __ARM_common_switch8
    i2c.o(.text) refers to hal_lpc1114f302.o(.text) for HAL_I2C_Read
    i2c.o(.text) refers to dl40.o(.text) for DL_Platform_WriteRegister
    i2c.o(.text) refers to daisylink.o(.data) for reg
    dl40.o(.text) refers to gpio.o(.text) for DrvGPIO_ClrBit
    dl40.o(.text) refers to hal_lpc1114f302.o(.text) for HAL_Init_SysTick100us
    dl40.o(.text) refers to rt_memclr.o(.text) for __aeabi_memclr
    dl40.o(.text) refers to daisylink.o(.text) for DL_Initialize
    dl40.o(.text) refers to dl40.o(.bss) for Reg
    startup_lpc11xx.o(STACK) refers (Special) to heapauxi.o(.text) for __use_two_region_memory
    startup_lpc11xx.o(HEAP) refers (Special) to heapauxi.o(.text) for __use_two_region_memory
    startup_lpc11xx.o(RESET) refers (Special) to heapauxi.o(.text) for __use_two_region_memory
    startup_lpc11xx.o(RESET) refers to startup_lpc11xx.o(STACK) for __initial_sp
    startup_lpc11xx.o(RESET) refers to startup_lpc11xx.o(.text) for Reset_Handler
    startup_lpc11xx.o(RESET) refers to hal_lpc1114f302.o(.text) for SysTick_Handler
    startup_lpc11xx.o(RESET) refers to i2c.o(.text) for I2C_IRQHandler
    startup_lpc11xx.o(RESET) refers to gpio.o(.text) for PIOINT3_IRQHandler
    startup_lpc11xx.o(.ARM.__at_0x02FC) refers (Special) to heapauxi.o(.text) for __use_two_region_memory
    startup_lpc11xx.o(.text) refers (Special) to heapauxi.o(.text) for __use_two_region_memory
    startup_lpc11xx.o(.text) refers to __main.o(!!!main) for __main
    startup_lpc11xx.o(.text) refers to startup_lpc11xx.o(HEAP) for Heap_Mem
    startup_lpc11xx.o(.text) refers to startup_lpc11xx.o(STACK) for Stack_Mem
    system_lpc11xx.o(.text) refers to system_lpc11xx.o(.data) for ClockSource
    rt_memcpy.o(.text) refers to rt_memcpy.o(.emb_text) for __aeabi_memcpy4
    __main.o(!!!main) refers to __rtentry.o(.ARM.Collect$$rtentry$$00000000) for __rt_entry
    __rtentry.o(.ARM.Collect$$rtentry$$00000000) refers (Special) to __rtentry2.o(.ARM.Collect$$rtentry$$0000000A) for __rt_entry_li
    __rtentry.o(.ARM.Collect$$rtentry$$00000000) refers (Special) to __rtentry2.o(.ARM.Collect$$rtentry$$0000000D) for __rt_entry_main
    __rtentry.o(.ARM.Collect$$rtentry$$00000000) refers (Special) to __rtentry2.o(.ARM.Collect$$rtentry$$0000000C) for __rt_entry_postli_1
    __rtentry.o(.ARM.Collect$$rtentry$$00000000) refers (Special) to __rtentry2.o(.ARM.Collect$$rtentry$$00000009) for __rt_entry_postsh_1
    __rtentry.o(.ARM.Collect$$rtentry$$00000000) refers (Special) to __rtentry2.o(.ARM.Collect$$rtentry$$00000002) for __rt_entry_presh_1
    __rtentry.o(.ARM.Collect$$rtentry$$00000000) refers (Special) to __rtentry4.o(.ARM.Collect$$rtentry$$00000004) for __rt_entry_sh
    aeabi_idiv0_sigfpe.o(.text) refers to rt_div0.o(.text) for __rt_div0
    __rtentry2.o(.ARM.Collect$$rtentry$$00000008) refers to boardinit2.o(.text) for _platform_post_stackheap_init
    __rtentry2.o(.ARM.Collect$$rtentry$$0000000A) refers to libinit.o(.ARM.Collect$$libinit$$00000000) for __rt_lib_init
    __rtentry2.o(.ARM.Collect$$rtentry$$0000000B) refers to boardinit3.o(.text) for _platform_post_lib_init
    __rtentry2.o(.ARM.Collect$$rtentry$$0000000D) refers to dl40.o(.text) for main
    __rtentry2.o(.ARM.Collect$$rtentry$$0000000D) refers to exit.o(.text) for exit
    __rtentry2.o(.ARM.exidx) refers to __rtentry2.o(.ARM.Collect$$rtentry$$00000001) for .ARM.Collect$$rtentry$$00000001
    __rtentry2.o(.ARM.exidx) refers to __rtentry2.o(.ARM.Collect$$rtentry$$00000008) for .ARM.Collect$$rtentry$$00000008
    __rtentry2.o(.ARM.exidx) refers to __rtentry2.o(.ARM.Collect$$rtentry$$0000000A) for .ARM.Collect$$rtentry$$0000000A
    __rtentry2.o(.ARM.exidx) refers to __rtentry2.o(.ARM.Collect$$rtentry$$0000000B) for .ARM.Collect$$rtentry$$0000000B
    __rtentry2.o(.ARM.exidx) refers to __rtentry2.o(.ARM.Collect$$rtentry$$0000000D) for .ARM.Collect$$rtentry$$0000000D
    __rtentry4.o(.ARM.Collect$$rtentry$$00000004) refers to sys_stackheap_outer.o(.text) for __user_setup_stackheap
    __rtentry4.o(.ARM.exidx) refers to __rtentry4.o(.ARM.Collect$$rtentry$$00000004) for .ARM.Collect$$rtentry$$00000004
    rt_div0.o(.text) refers to defsig_fpe_outer.o(.text) for __rt_SIGFPE
    sys_stackheap_outer.o(.text) refers to libspace.o(.text) for __user_perproc_libspace
    sys_stackheap_outer.o(.text) refers to startup_lpc11xx.o(.text) for __user_initial_stackheap
    sys_stackheap_outer.o(__vectab_stack_and_reset_area) refers to tempstk.o(.text) for __temporary_stack_top
    sys_stackheap_outer.o(__vectab_stack_and_reset_area) refers to __main.o(!!!main) for __main
    exit.o(.text) refers to rtexit.o(.ARM.Collect$$rtexit$$00000000) for __rt_exit
    defsig_fpe_outer.o(.text) refers to defsig_fpe_inner.o(.text) for __rt_SIGFPE_inner
    defsig_fpe_outer.o(.text) refers to defsig_exit.o(.text) for __sig_exit
    defsig_fpe_formal.o(.text) refers to rt_raise.o(.text) for __rt_raise
    libinit.o(.ARM.Collect$$libinit$$00000000) refers (Special) to libinit2.o(.ARM.Collect$$libinit$$0000002E) for __rt_lib_init_alloca_1
    libinit.o(.ARM.Collect$$libinit$$00000000) refers (Special) to libinit2.o(.ARM.Collect$$libinit$$0000002C) for __rt_lib_init_argv_1
    libinit.o(.ARM.Collect$$libinit$$00000000) refers (Special) to libinit2.o(.ARM.Collect$$libinit$$0000001B) for __rt_lib_init_atexit_1
    libinit.o(.ARM.Collect$$libinit$$00000000) refers (Special) to libinit2.o(.ARM.Collect$$libinit$$00000021) for __rt_lib_init_clock_1
    libinit.o(.ARM.Collect$$libinit$$00000000) refers (Special) to libinit2.o(.ARM.Collect$$libinit$$00000032) for __rt_lib_init_cpp_1
    libinit.o(.ARM.Collect$$libinit$$00000000) refers (Special) to libinit2.o(.ARM.Collect$$libinit$$00000030) for __rt_lib_init_exceptions_1
    libinit.o(.ARM.Collect$$libinit$$00000000) refers (Special) to libinit2.o(.ARM.Collect$$libinit$$00000002) for __rt_lib_init_fp_1
    libinit.o(.ARM.Collect$$libinit$$00000000) refers (Special) to libinit2.o(.ARM.Collect$$libinit$$0000001F) for __rt_lib_init_fp_trap_1
    libinit.o(.ARM.Collect$$libinit$$00000000) refers (Special) to libinit2.o(.ARM.Collect$$libinit$$00000023) for __rt_lib_init_getenv_1
    libinit.o(.ARM.Collect$$libinit$$00000000) refers (Special) to libinit2.o(.ARM.Collect$$libinit$$0000000A) for __rt_lib_init_heap_1
    libinit.o(.ARM.Collect$$libinit$$00000000) refers (Special) to libinit2.o(.ARM.Collect$$libinit$$00000011) for __rt_lib_init_lc_collate_1
    libinit.o(.ARM.Collect$$libinit$$00000000) refers (Special) to libinit2.o(.ARM.Collect$$libinit$$00000013) for __rt_lib_init_lc_ctype_1
    libinit.o(.ARM.Collect$$libinit$$00000000) refers (Special) to libinit2.o(.ARM.Collect$$libinit$$00000015) for __rt_lib_init_lc_monetary_1
    libinit.o(.ARM.Collect$$libinit$$00000000) refers (Special) to libinit2.o(.ARM.Collect$$libinit$$00000017) for __rt_lib_init_lc_numeric_1
    libinit.o(.ARM.Collect$$libinit$$00000000) refers (Special) to libinit2.o(.ARM.Collect$$libinit$$00000019) for __rt_lib_init_lc_time_1
    libinit.o(.ARM.Collect$$libinit$$00000000) refers (Special) to libinit2.o(.ARM.Collect$$libinit$$00000004) for __rt_lib_init_preinit_1
    libinit.o(.ARM.Collect$$libinit$$00000000) refers (Special) to libinit2.o(.ARM.Collect$$libinit$$0000000E) for __rt_lib_init_rand_1
    libinit.o(.ARM.Collect$$libinit$$00000000) refers (Special) to libinit2.o(.ARM.Collect$$libinit$$00000033) for __rt_lib_init_return
    libinit.o(.ARM.Collect$$libinit$$00000000) refers (Special) to libinit2.o(.ARM.Collect$$libinit$$0000001D) for __rt_lib_init_signal_1
    libinit.o(.ARM.Collect$$libinit$$00000000) refers (Special) to libinit2.o(.ARM.Collect$$libinit$$00000025) for __rt_lib_init_stdio_1
    libinit.o(.ARM.Collect$$libinit$$00000000) refers (Special) to libinit2.o(.ARM.Collect$$libinit$$0000000C) for __rt_lib_init_user_alloc_1
    libspace.o(.text) refers to libspace.o(.bss) for __libspace_start
    rtexit.o(.ARM.Collect$$rtexit$$00000000) refers (Special) to rtexit2.o(.ARM.Collect$$rtexit$$00000004) for __rt_exit_exit
    rtexit.o(.ARM.Collect$$rtexit$$00000000) refers (Special) to rtexit2.o(.ARM.Collect$$rtexit$$00000003) for __rt_exit_ls
    rtexit.o(.ARM.Collect$$rtexit$$00000000) refers (Special) to rtexit2.o(.ARM.Collect$$rtexit$$00000002) for __rt_exit_prels_1
    rtexit.o(.ARM.exidx) refers (Special) to rtexit2.o(.ARM.Collect$$rtexit$$00000004) for __rt_exit_exit
    rtexit.o(.ARM.exidx) refers (Special) to rtexit2.o(.ARM.Collect$$rtexit$$00000003) for __rt_exit_ls
    rtexit.o(.ARM.exidx) refers (Special) to rtexit2.o(.ARM.Collect$$rtexit$$00000002) for __rt_exit_prels_1
    rtexit.o(.ARM.exidx) refers to rtexit.o(.ARM.Collect$$rtexit$$00000000) for .ARM.Collect$$rtexit$$00000000
    rt_raise.o(.text) refers to __raise.o(.text) for __raise
    rt_raise.o(.text) refers to sys_exit.o(.text) for _sys_exit
    defsig_exit.o(.text) refers to sys_exit.o(.text) for _sys_exit
    defsig_fpe_inner.o(.text) refers to defsig_general.o(.text) for __default_signal_display
    libinit2.o(.ARM.Collect$$libinit$$00000010) refers to libinit2.o(.ARM.Collect$$libinit$$0000000F) for .ARM.Collect$$libinit$$0000000F
    libinit2.o(.ARM.Collect$$libinit$$00000012) refers to libinit2.o(.ARM.Collect$$libinit$$0000000F) for .ARM.Collect$$libinit$$0000000F
    libinit2.o(.ARM.Collect$$libinit$$00000014) refers to libinit2.o(.ARM.Collect$$libinit$$0000000F) for .ARM.Collect$$libinit$$0000000F
    libinit2.o(.ARM.Collect$$libinit$$00000016) refers to libinit2.o(.ARM.Collect$$libinit$$0000000F) for .ARM.Collect$$libinit$$0000000F
    libinit2.o(.ARM.Collect$$libinit$$00000018) refers to libinit2.o(.ARM.Collect$$libinit$$0000000F) for .ARM.Collect$$libinit$$0000000F
    libinit2.o(.ARM.Collect$$libinit$$00000026) refers to argv_veneer.o(.text) for __ARM_argv_veneer
    libinit2.o(.ARM.Collect$$libinit$$00000027) refers to argv_veneer.o(.text) for __ARM_argv_veneer
    sys_exit.o(.text) refers (Special) to use_no_semi.o(.text) for __I$use$semihosting
    sys_exit.o(.text) refers (Special) to indicate_semi.o(.text) for __semihosting_library_function
    rtexit2.o(.ARM.Collect$$rtexit$$00000003) refers to libshutdown.o(.ARM.Collect$$libshutdown$$00000000) for __rt_lib_shutdown
    rtexit2.o(.ARM.Collect$$rtexit$$00000004) refers to sys_exit.o(.text) for _sys_exit
    rtexit2.o(.ARM.exidx) refers to rtexit2.o(.ARM.Collect$$rtexit$$00000001) for .ARM.Collect$$rtexit$$00000001
    rtexit2.o(.ARM.exidx) refers to rtexit2.o(.ARM.Collect$$rtexit$$00000003) for .ARM.Collect$$rtexit$$00000003
    rtexit2.o(.ARM.exidx) refers to rtexit2.o(.ARM.Collect$$rtexit$$00000004) for .ARM.Collect$$rtexit$$00000004
    __raise.o(.text) refers to defsig.o(CL$$defsig) for __default_signal_handler
    defsig_general.o(.text) refers to sys_wrch.o(.text) for _ttywrch
    sys_wrch.o(.text) refers (Special) to use_no_semi.o(.text) for __I$use$semihosting
    sys_wrch.o(.text) refers (Special) to indicate_semi.o(.text) for __semihosting_library_function
    defsig.o(CL$$defsig) refers to defsig_fpe_inner.o(.text) for __rt_SIGFPE_inner
    defsig.o(CL$$defsig) refers to defsig_rtmem_inner.o(.text) for __rt_SIGRTMEM_inner
    _get_argv_nomalloc.o(.text) refers (Special) to hrguard.o(.text) for __heap_region$guard
    _get_argv_nomalloc.o(.text) refers to defsig_rtmem_outer.o(.text) for __rt_SIGRTMEM
    _get_argv_nomalloc.o(.text) refers to sys_command.o(.text) for _sys_command_string
    libshutdown.o(.ARM.Collect$$libshutdown$$00000000) refers (Special) to libshutdown2.o(.ARM.Collect$$libshutdown$$00000002) for __rt_lib_shutdown_cpp_1
    libshutdown.o(.ARM.Collect$$libshutdown$$00000000) refers (Special) to libshutdown2.o(.ARM.Collect$$libshutdown$$00000007) for __rt_lib_shutdown_fp_trap_1
    libshutdown.o(.ARM.Collect$$libshutdown$$00000000) refers (Special) to libshutdown2.o(.ARM.Collect$$libshutdown$$0000000F) for __rt_lib_shutdown_heap_1
    libshutdown.o(.ARM.Collect$$libshutdown$$00000000) refers (Special) to libshutdown2.o(.ARM.Collect$$libshutdown$$00000010) for __rt_lib_shutdown_return
    libshutdown.o(.ARM.Collect$$libshutdown$$00000000) refers (Special) to libshutdown2.o(.ARM.Collect$$libshutdown$$0000000A) for __rt_lib_shutdown_signal_1
    libshutdown.o(.ARM.Collect$$libshutdown$$00000000) refers (Special) to libshutdown2.o(.ARM.Collect$$libshutdown$$00000004) for __rt_lib_shutdown_stdio_1
    libshutdown.o(.ARM.Collect$$libshutdown$$00000000) refers (Special) to libshutdown2.o(.ARM.Collect$$libshutdown$$0000000C) for __rt_lib_shutdown_user_alloc_1
    sys_command.o(.text) refers (Special) to use_no_semi.o(.text) for __I$use$semihosting
    sys_command.o(.text) refers (Special) to indicate_semi.o(.text) for __semihosting_library_function
    defsig_abrt_inner.o(.text) refers to defsig_general.o(.text) for __default_signal_display
    defsig_rtred_inner.o(.text) refers to defsig_general.o(.text) for __default_signal_display
    defsig_rtmem_inner.o(.text) refers to defsig_general.o(.text) for __default_signal_display
    defsig_rtmem_outer.o(.text) refers to defsig_rtmem_inner.o(.text) for __rt_SIGRTMEM_inner
    defsig_rtmem_outer.o(.text) refers to defsig_exit.o(.text) for __sig_exit
    defsig_rtmem_formal.o(.text) refers to rt_raise.o(.text) for __rt_raise
    defsig_stak_inner.o(.text) refers to defsig_general.o(.text) for __default_signal_display
    defsig_pvfn_inner.o(.text) refers to defsig_general.o(.text) for __default_signal_display
    defsig_cppl_inner.o(.text) refers to defsig_general.o(.text) for __default_signal_display
    defsig_segv_inner.o(.text) refers to defsig_general.o(.text) for __default_signal_display
    defsig_other.o(.text) refers to defsig_general.o(.text) for __default_signal_display


==============================================================================

Removing Unused input sections from the image.

    Removing gpio.o(.rev16_text), (4 bytes).
    Removing gpio.o(.revsh_text), (4 bytes).
    Removing hal_lpc1114f302.o(.rev16_text), (4 bytes).
    Removing hal_lpc1114f302.o(.revsh_text), (4 bytes).
    Removing hal_lpc1114f302.o(.constdata), (16 bytes).
    Removing i2c.o(.rev16_text), (4 bytes).
    Removing i2c.o(.revsh_text), (4 bytes).
    Removing i2c.o(.data), (1 bytes).
    Removing dl40.o(.rev16_text), (4 bytes).
    Removing dl40.o(.revsh_text), (4 bytes).
    Removing dl40.o(.constdata), (16 bytes).
    Removing system_lpc11xx.o(.rev16_text), (4 bytes).
    Removing system_lpc11xx.o(.revsh_text), (4 bytes).

13 unused section(s) (total 73 bytes) removed from the image.

==============================================================================

Image Symbol Table

    Local Symbols

    Symbol Name                              Value     Ov Type        Size  Object(Section)

    RESET                                    0x00000000   Section      192  startup_lpc11xx.o(RESET)
    ../clib/angel/boardlib.s                 0x00000000   Number         0  boardinit1.o ABSOLUTE
    ../clib/angel/boardlib.s                 0x00000000   Number         0  boardinit2.o ABSOLUTE
    ../clib/angel/boardlib.s                 0x00000000   Number         0  boardinit3.o ABSOLUTE
    ../clib/angel/boardlib.s                 0x00000000   Number         0  boardshut.o ABSOLUTE
    ../clib/angel/handlers.s                 0x00000000   Number         0  __scatter_zi.o ABSOLUTE
    ../clib/angel/handlers.s                 0x00000000   Number         0  __scatter_copy.o ABSOLUTE
    ../clib/angel/kernel.s                   0x00000000   Number         0  rtexit2.o ABSOLUTE
    ../clib/angel/kernel.s                   0x00000000   Number         0  __rtentry2.o ABSOLUTE
    ../clib/angel/kernel.s                   0x00000000   Number         0  rtexit.o ABSOLUTE
    ../clib/angel/kernel.s                   0x00000000   Number         0  __rtentry.o ABSOLUTE
    ../clib/angel/kernel.s                   0x00000000   Number         0  __rtentry4.o ABSOLUTE
    ../clib/angel/rt.s                       0x00000000   Number         0  aeabi_idiv0_sigfpe.o ABSOLUTE
    ../clib/angel/rt.s                       0x00000000   Number         0  rt_raise.o ABSOLUTE
    ../clib/angel/rt.s                       0x00000000   Number         0  aeabi_idiv0.o ABSOLUTE
    ../clib/angel/rt.s                       0x00000000   Number         0  rt_div0.o ABSOLUTE
    ../clib/angel/scatterp.s                 0x00000000   Number         0  __scatter.o ABSOLUTE
    ../clib/angel/startup.s                  0x00000000   Number         0  __main.o ABSOLUTE
    ../clib/angel/sys.s                      0x00000000   Number         0  indicate_semi.o ABSOLUTE
    ../clib/angel/sys.s                      0x00000000   Number         0  libspace.o ABSOLUTE
    ../clib/angel/sys.s                      0x00000000   Number         0  use_no_semi.o ABSOLUTE
    ../clib/angel/sys.s                      0x00000000   Number         0  tempstk.o ABSOLUTE
    ../clib/angel/sys.s                      0x00000000   Number         0  sys_stackheap_outer.o ABSOLUTE
    ../clib/angel/sysapp.c                   0x00000000   Number         0  sys_command.o ABSOLUTE
    ../clib/angel/sysapp.c                   0x00000000   Number         0  sys_exit.o ABSOLUTE
    ../clib/angel/sysapp.c                   0x00000000   Number         0  sys_wrch.o ABSOLUTE
    ../clib/armsys.c                         0x00000000   Number         0  _get_argv_nomalloc.o ABSOLUTE
    ../clib/armsys.c                         0x00000000   Number         0  no_argv.o ABSOLUTE
    ../clib/armsys.c                         0x00000000   Number         0  argv_veneer.o ABSOLUTE
    ../clib/division.s                       0x00000000   Number         0  aeabi_sdiv_div0.o ABSOLUTE
    ../clib/division.s                       0x00000000   Number         0  aeabi_sdiv.o ABSOLUTE
    ../clib/heapalloc.c                      0x00000000   Number         0  hrguard.o ABSOLUTE
    ../clib/heapaux.c                        0x00000000   Number         0  heapauxi.o ABSOLUTE
    ../clib/libinit.s                        0x00000000   Number         0  libinit2.o ABSOLUTE
    ../clib/libinit.s                        0x00000000   Number         0  libshutdown2.o ABSOLUTE
    ../clib/libinit.s                        0x00000000   Number         0  libshutdown.o ABSOLUTE
    ../clib/libinit.s                        0x00000000   Number         0  libinit.o ABSOLUTE
    ../clib/memcpset.c                       0x00000000   Number         0  rt_memcpy.o ABSOLUTE
    ../clib/memcpset.c                       0x00000000   Number         0  rt_memcpy.o ABSOLUTE
    ../clib/memcpset.c                       0x00000000   Number         0  rt_memclr.o ABSOLUTE
    ../clib/signal.c                         0x00000000   Number         0  defsig_pvfn_inner.o ABSOLUTE
    ../clib/signal.c                         0x00000000   Number         0  defsig_stak_inner.o ABSOLUTE
    ../clib/signal.c                         0x00000000   Number         0  defsig_cppl_inner.o ABSOLUTE
    ../clib/signal.c                         0x00000000   Number         0  defsig_segv_inner.o ABSOLUTE
    ../clib/signal.c                         0x00000000   Number         0  defsig_other.o ABSOLUTE
    ../clib/signal.c                         0x00000000   Number         0  defsig_rtmem_formal.o ABSOLUTE
    ../clib/signal.c                         0x00000000   Number         0  defsig_general.o ABSOLUTE
    ../clib/signal.c                         0x00000000   Number         0  __raise.o ABSOLUTE
    ../clib/signal.c                         0x00000000   Number         0  defsig_fpe_formal.o ABSOLUTE
    ../clib/signal.c                         0x00000000   Number         0  defsig_fpe_outer.o ABSOLUTE
    ../clib/signal.c                         0x00000000   Number         0  defsig_rtmem_inner.o ABSOLUTE
    ../clib/signal.c                         0x00000000   Number         0  defsig_fpe_inner.o ABSOLUTE
    ../clib/signal.c                         0x00000000   Number         0  defsig_abrt_inner.o ABSOLUTE
    ../clib/signal.c                         0x00000000   Number         0  defsig_rtmem_outer.o ABSOLUTE
    ../clib/signal.c                         0x00000000   Number         0  defsig_exit.o ABSOLUTE
    ../clib/signal.c                         0x00000000   Number         0  defsig_rtred_inner.o ABSOLUTE
    ../clib/signal.s                         0x00000000   Number         0  defsig.o ABSOLUTE
    ../clib/stdlib.c                         0x00000000   Number         0  exit.o ABSOLUTE
    ../fplib/cfplib/fpinit.c                 0x00000000   Number         0  fpinit.o ABSOLUTE
    DaisyLink\DaisyLink.c                    0x00000000   Number         0  daisylink.o ABSOLUTE
    GPIO\\gpio.c                             0x00000000   Number         0  gpio.o ABSOLUTE
    GPIO\gpio.c                              0x00000000   Number         0  gpio.o ABSOLUTE
    HAL\HAL_LPC1114F302.c                    0x00000000   Number         0  hal_lpc1114f302.o ABSOLUTE
    HAL\I2C.c                                0x00000000   Number         0  i2c.o ABSOLUTE
    HAL\\HAL_LPC1114F302.c                   0x00000000   Number         0  hal_lpc1114f302.o ABSOLUTE
    HAL\\I2C.c                               0x00000000   Number         0  i2c.o ABSOLUTE
    Main\DL40.c                              0x00000000   Number         0  dl40.o ABSOLUTE
    Main\\DL40.c                             0x00000000   Number         0  dl40.o ABSOLUTE
    Startup\\system_LPC11xx.c                0x00000000   Number         0  system_lpc11xx.o ABSOLUTE
    Startup\startup_LPC11xx.s                0x00000000   Number         0  startup_lpc11xx.o ABSOLUTE
    Startup\system_LPC11xx.c                 0x00000000   Number         0  system_lpc11xx.o ABSOLUTE
    dc.s                                     0x00000000   Number         0  dc.o ABSOLUTE
    !!!main                                  0x000000c0   Section        8  __main.o(!!!main)
    !!!scatter                               0x000000c8   Section       60  __scatter.o(!!!scatter)
    !!handler_copy                           0x00000104   Section       26  __scatter_copy.o(!!handler_copy)
    !!handler_zi                             0x00000120   Section       28  __scatter_zi.o(!!handler_zi)
    .ARM.Collect$$libinit$$00000000          0x0000013c   Section        2  libinit.o(.ARM.Collect$$libinit$$00000000)
    .ARM.Collect$$libinit$$00000002          0x0000013e   Section        0  libinit2.o(.ARM.Collect$$libinit$$00000002)
    .ARM.Collect$$libinit$$00000004          0x0000013e   Section        0  libinit2.o(.ARM.Collect$$libinit$$00000004)
    .ARM.Collect$$libinit$$0000000A          0x0000013e   Section        0  libinit2.o(.ARM.Collect$$libinit$$0000000A)
    .ARM.Collect$$libinit$$0000000C          0x0000013e   Section        0  libinit2.o(.ARM.Collect$$libinit$$0000000C)
    .ARM.Collect$$libinit$$0000000E          0x0000013e   Section        0  libinit2.o(.ARM.Collect$$libinit$$0000000E)
    .ARM.Collect$$libinit$$00000011          0x0000013e   Section        0  libinit2.o(.ARM.Collect$$libinit$$00000011)
    .ARM.Collect$$libinit$$00000013          0x0000013e   Section        0  libinit2.o(.ARM.Collect$$libinit$$00000013)
    .ARM.Collect$$libinit$$00000015          0x0000013e   Section        0  libinit2.o(.ARM.Collect$$libinit$$00000015)
    .ARM.Collect$$libinit$$00000017          0x0000013e   Section        0  libinit2.o(.ARM.Collect$$libinit$$00000017)
    .ARM.Collect$$libinit$$00000019          0x0000013e   Section        0  libinit2.o(.ARM.Collect$$libinit$$00000019)
    .ARM.Collect$$libinit$$0000001B          0x0000013e   Section        0  libinit2.o(.ARM.Collect$$libinit$$0000001B)
    .ARM.Collect$$libinit$$0000001D          0x0000013e   Section        0  libinit2.o(.ARM.Collect$$libinit$$0000001D)
    .ARM.Collect$$libinit$$0000001F          0x0000013e   Section        0  libinit2.o(.ARM.Collect$$libinit$$0000001F)
    .ARM.Collect$$libinit$$00000021          0x0000013e   Section        0  libinit2.o(.ARM.Collect$$libinit$$00000021)
    .ARM.Collect$$libinit$$00000023          0x0000013e   Section        0  libinit2.o(.ARM.Collect$$libinit$$00000023)
    .ARM.Collect$$libinit$$00000025          0x0000013e   Section        0  libinit2.o(.ARM.Collect$$libinit$$00000025)
    .ARM.Collect$$libinit$$0000002C          0x0000013e   Section        0  libinit2.o(.ARM.Collect$$libinit$$0000002C)
    .ARM.Collect$$libinit$$0000002E          0x0000013e   Section        0  libinit2.o(.ARM.Collect$$libinit$$0000002E)
    .ARM.Collect$$libinit$$00000030          0x0000013e   Section        0  libinit2.o(.ARM.Collect$$libinit$$00000030)
    .ARM.Collect$$libinit$$00000032          0x0000013e   Section        0  libinit2.o(.ARM.Collect$$libinit$$00000032)
    .ARM.Collect$$libinit$$00000033          0x0000013e   Section        2  libinit2.o(.ARM.Collect$$libinit$$00000033)
    .ARM.Collect$$libshutdown$$00000000      0x00000140   Section        2  libshutdown.o(.ARM.Collect$$libshutdown$$00000000)
    .ARM.Collect$$libshutdown$$00000002      0x00000142   Section        0  libshutdown2.o(.ARM.Collect$$libshutdown$$00000002)
    .ARM.Collect$$libshutdown$$00000004      0x00000142   Section        0  libshutdown2.o(.ARM.Collect$$libshutdown$$00000004)
    .ARM.Collect$$libshutdown$$00000007      0x00000142   Section        0  libshutdown2.o(.ARM.Collect$$libshutdown$$00000007)
    .ARM.Collect$$libshutdown$$0000000A      0x00000142   Section        0  libshutdown2.o(.ARM.Collect$$libshutdown$$0000000A)
    .ARM.Collect$$libshutdown$$0000000C      0x00000142   Section        0  libshutdown2.o(.ARM.Collect$$libshutdown$$0000000C)
    .ARM.Collect$$libshutdown$$0000000F      0x00000142   Section        0  libshutdown2.o(.ARM.Collect$$libshutdown$$0000000F)
    .ARM.Collect$$libshutdown$$00000010      0x00000142   Section        2  libshutdown2.o(.ARM.Collect$$libshutdown$$00000010)
    .ARM.Collect$$rtentry$$00000000          0x00000144   Section        0  __rtentry.o(.ARM.Collect$$rtentry$$00000000)
    .ARM.Collect$$rtentry$$00000002          0x00000144   Section        0  __rtentry2.o(.ARM.Collect$$rtentry$$00000002)
    .ARM.Collect$$rtentry$$00000004          0x00000144   Section        6  __rtentry4.o(.ARM.Collect$$rtentry$$00000004)
    .ARM.Collect$$rtentry$$00000009          0x0000014a   Section        0  __rtentry2.o(.ARM.Collect$$rtentry$$00000009)
    .ARM.Collect$$rtentry$$0000000A          0x0000014a   Section        4  __rtentry2.o(.ARM.Collect$$rtentry$$0000000A)
    .ARM.Collect$$rtentry$$0000000C          0x0000014e   Section        0  __rtentry2.o(.ARM.Collect$$rtentry$$0000000C)
    .ARM.Collect$$rtentry$$0000000D          0x0000014e   Section        8  __rtentry2.o(.ARM.Collect$$rtentry$$0000000D)
    .ARM.Collect$$rtexit$$00000000           0x00000156   Section        2  rtexit.o(.ARM.Collect$$rtexit$$00000000)
    .ARM.Collect$$rtexit$$00000002           0x00000158   Section        0  rtexit2.o(.ARM.Collect$$rtexit$$00000002)
    .ARM.Collect$$rtexit$$00000003           0x00000158   Section        4  rtexit2.o(.ARM.Collect$$rtexit$$00000003)
    .ARM.Collect$$rtexit$$00000004           0x0000015c   Section        6  rtexit2.o(.ARM.Collect$$rtexit$$00000004)
    .emb_text                                0x00000164   Section       56  rt_memcpy.o(.emb_text)
    .text                                    0x0000019c   Section       52  startup_lpc11xx.o(.text)
    .text                                    0x000001d0   Section        0  system_lpc11xx.o(.text)
    .text                                    0x000002b4   Section        0  rt_memclr.o(.text)
    .text                                    0x000002f4   Section        0  heapauxi.o(.text)
    .text                                    0x000002fa   Section        2  use_no_semi.o(.text)
    .ARM.__at_0x02FC                         0x000002fc   Section        4  startup_lpc11xx.o(.ARM.__at_0x02FC)
    .text                                    0x00000300   Section        0  daisylink.o(.text)
    .text                                    0x0000068c   Section        0  gpio.o(.text)
    __NVIC_EnableIRQ                         0x00000be5   Thumb Code    26  gpio.o(.text)
    .text                                    0x00000c14   Section        0  hal_lpc1114f302.o(.text)
    __NVIC_SetPriority                       0x00000d05   Thumb Code   114  hal_lpc1114f302.o(.text)
    .text                                    0x00000d94   Section        0  i2c.o(.text)
    .text                                    0x00001084   Section        0  dl40.o(.text)
    .text                                    0x00001224   Section        0  rt_memcpy.o(.text)
    .text                                    0x000012a6   Section      346  aeabi_sdiv.o(.text)
    .text                                    0x00001400   Section       62  sys_stackheap_outer.o(.text)
    .text                                    0x0000143e   Section        0  exit.o(.text)
    .text                                    0x00001450   Section        8  libspace.o(.text)
    .text                                    0x00001458   Section        0  sys_exit.o(.text)
    .text                                    0x00001464   Section        0  indicate_semi.o(.text)
    i.__ARM_common_switch8                   0x00001464   Section        0  daisylink.o(i.__ARM_common_switch8)
    .constdata                               0x00001480   Section       16  gpio.o(.constdata)
    LPC_GPIO                                 0x00001480   Data          16  gpio.o(.constdata)
    .data                                    0x10000000   Section       32  daisylink.o(.data)
    .data                                    0x10000020   Section       32  gpio.o(.data)
    .data                                    0x10000040   Section        4  hal_lpc1114f302.o(.data)
    .data                                    0x10000044   Section       12  system_lpc11xx.o(.data)
    .bss                                     0x10000050   Section       13  dl40.o(.bss)
    .bss                                     0x10000060   Section       96  libspace.o(.bss)
    HEAP                                     0x100000c0   Section        0  startup_lpc11xx.o(HEAP)
    STACK                                    0x100000c0   Section      512  startup_lpc11xx.o(STACK)
    Heap_Mem                                 0x100000c0   Data           0  startup_lpc11xx.o(HEAP)
    Stack_Mem                                0x100000c0   Data         512  startup_lpc11xx.o(STACK)
    __initial_sp                             0x100002c0   Data           0  startup_lpc11xx.o(STACK)

    Global Symbols

    Symbol Name                              Value     Ov Type        Size  Object(Section)

    BuildAttributes$$THM_ISAv3M$S$PE$A:L22$X:L11$S22$IEEE1$IW$USESV6$~STKCKD$USESV7$~SHL$OSPACE$ROPI$EBA8$UX$STANDARDLIB$REQ8$PRES8$EABIv2 0x00000000   Number         0  anon$$obj.o ABSOLUTE
    __ARM_use_no_argv                        0x00000000   Number         0  dl40.o ABSOLUTE
    __Vectors                                0x00000000   Data           4  startup_lpc11xx.o(RESET)
    __ARM_exceptions_init                     - Undefined Weak Reference
    __alloca_initialize                       - Undefined Weak Reference
    __arm_preinit_                            - Undefined Weak Reference
    __cpp_initialize__aeabi_                  - Undefined Weak Reference
    __cxa_finalize                            - Undefined Weak Reference
    __rt_locale                               - Undefined Weak Reference
    __sigvec_lookup                           - Undefined Weak Reference
    _atexit_init                              - Undefined Weak Reference
    _call_atexit_fns                          - Undefined Weak Reference
    _clock_init                               - Undefined Weak Reference
    _fp_trap_init                             - Undefined Weak Reference
    _fp_trap_shutdown                         - Undefined Weak Reference
    _get_lc_collate                           - Undefined Weak Reference
    _get_lc_ctype                             - Undefined Weak Reference
    _get_lc_monetary                          - Undefined Weak Reference
    _get_lc_numeric                           - Undefined Weak Reference
    _get_lc_time                              - Undefined Weak Reference
    _getenv_init                              - Undefined Weak Reference
    _handle_redirection                       - Undefined Weak Reference
    _init_alloc                               - Undefined Weak Reference
    _init_user_alloc                          - Undefined Weak Reference
    _initio                                   - Undefined Weak Reference
    _rand_init                                - Undefined Weak Reference
    _signal_finish                            - Undefined Weak Reference
    _signal_init                              - Undefined Weak Reference
    _terminate_alloc                          - Undefined Weak Reference
    _terminate_user_alloc                     - Undefined Weak Reference
    _terminateio                              - Undefined Weak Reference
    __main                                   0x000000c1   Thumb Code     8  __main.o(!!!main)
    __scatterload                            0x000000c9   Thumb Code     0  __scatter.o(!!!scatter)
    __scatterload_rt2                        0x000000c9   Thumb Code    52  __scatter.o(!!!scatter)
    __scatterload_rt2_thumb_only             0x000000c9   Thumb Code     0  __scatter.o(!!!scatter)
    __scatterload_null                       0x000000d9   Thumb Code     0  __scatter.o(!!!scatter)
    __scatterload_copy                       0x00000105   Thumb Code    26  __scatter_copy.o(!!handler_copy)
    __scatterload_zeroinit                   0x00000121   Thumb Code    28  __scatter_zi.o(!!handler_zi)
    __rt_lib_init                            0x0000013d   Thumb Code     0  libinit.o(.ARM.Collect$$libinit$$00000000)
    __rt_lib_init_alloca_1                   0x0000013f   Thumb Code     0  libinit2.o(.ARM.Collect$$libinit$$0000002E)
    __rt_lib_init_argv_1                     0x0000013f   Thumb Code     0  libinit2.o(.ARM.Collect$$libinit$$0000002C)
    __rt_lib_init_atexit_1                   0x0000013f   Thumb Code     0  libinit2.o(.ARM.Collect$$libinit$$0000001B)
    __rt_lib_init_clock_1                    0x0000013f   Thumb Code     0  libinit2.o(.ARM.Collect$$libinit$$00000021)
    __rt_lib_init_cpp_1                      0x0000013f   Thumb Code     0  libinit2.o(.ARM.Collect$$libinit$$00000032)
    __rt_lib_init_exceptions_1               0x0000013f   Thumb Code     0  libinit2.o(.ARM.Collect$$libinit$$00000030)
    __rt_lib_init_fp_1                       0x0000013f   Thumb Code     0  libinit2.o(.ARM.Collect$$libinit$$00000002)
    __rt_lib_init_fp_trap_1                  0x0000013f   Thumb Code     0  libinit2.o(.ARM.Collect$$libinit$$0000001F)
    __rt_lib_init_getenv_1                   0x0000013f   Thumb Code     0  libinit2.o(.ARM.Collect$$libinit$$00000023)
    __rt_lib_init_heap_1                     0x0000013f   Thumb Code     0  libinit2.o(.ARM.Collect$$libinit$$0000000A)
    __rt_lib_init_lc_collate_1               0x0000013f   Thumb Code     0  libinit2.o(.ARM.Collect$$libinit$$00000011)
    __rt_lib_init_lc_ctype_1                 0x0000013f   Thumb Code     0  libinit2.o(.ARM.Collect$$libinit$$00000013)
    __rt_lib_init_lc_monetary_1              0x0000013f   Thumb Code     0  libinit2.o(.ARM.Collect$$libinit$$00000015)
    __rt_lib_init_lc_numeric_1               0x0000013f   Thumb Code     0  libinit2.o(.ARM.Collect$$libinit$$00000017)
    __rt_lib_init_lc_time_1                  0x0000013f   Thumb Code     0  libinit2.o(.ARM.Collect$$libinit$$00000019)
    __rt_lib_init_preinit_1                  0x0000013f   Thumb Code     0  libinit2.o(.ARM.Collect$$libinit$$00000004)
    __rt_lib_init_rand_1                     0x0000013f   Thumb Code     0  libinit2.o(.ARM.Collect$$libinit$$0000000E)
    __rt_lib_init_return                     0x0000013f   Thumb Code     0  libinit2.o(.ARM.Collect$$libinit$$00000033)
    __rt_lib_init_signal_1                   0x0000013f   Thumb Code     0  libinit2.o(.ARM.Collect$$libinit$$0000001D)
    __rt_lib_init_stdio_1                    0x0000013f   Thumb Code     0  libinit2.o(.ARM.Collect$$libinit$$00000025)
    __rt_lib_init_user_alloc_1               0x0000013f   Thumb Code     0  libinit2.o(.ARM.Collect$$libinit$$0000000C)
    __rt_lib_shutdown                        0x00000141   Thumb Code     0  libshutdown.o(.ARM.Collect$$libshutdown$$00000000)
    __rt_lib_shutdown_cpp_1                  0x00000143   Thumb Code     0  libshutdown2.o(.ARM.Collect$$libshutdown$$00000002)
    __rt_lib_shutdown_fp_trap_1              0x00000143   Thumb Code     0  libshutdown2.o(.ARM.Collect$$libshutdown$$00000007)
    __rt_lib_shutdown_heap_1                 0x00000143   Thumb Code     0  libshutdown2.o(.ARM.Collect$$libshutdown$$0000000F)
    __rt_lib_shutdown_return                 0x00000143   Thumb Code     0  libshutdown2.o(.ARM.Collect$$libshutdown$$00000010)
    __rt_lib_shutdown_signal_1               0x00000143   Thumb Code     0  libshutdown2.o(.ARM.Collect$$libshutdown$$0000000A)
    __rt_lib_shutdown_stdio_1                0x00000143   Thumb Code     0  libshutdown2.o(.ARM.Collect$$libshutdown$$00000004)
    __rt_lib_shutdown_user_alloc_1           0x00000143   Thumb Code     0  libshutdown2.o(.ARM.Collect$$libshutdown$$0000000C)
    __rt_entry                               0x00000145   Thumb Code     0  __rtentry.o(.ARM.Collect$$rtentry$$00000000)
    __rt_entry_presh_1                       0x00000145   Thumb Code     0  __rtentry2.o(.ARM.Collect$$rtentry$$00000002)
    __rt_entry_sh                            0x00000145   Thumb Code     0  __rtentry4.o(.ARM.Collect$$rtentry$$00000004)
    __rt_entry_li                            0x0000014b   Thumb Code     0  __rtentry2.o(.ARM.Collect$$rtentry$$0000000A)
    __rt_entry_postsh_1                      0x0000014b   Thumb Code     0  __rtentry2.o(.ARM.Collect$$rtentry$$00000009)
    __rt_entry_main                          0x0000014f   Thumb Code     0  __rtentry2.o(.ARM.Collect$$rtentry$$0000000D)
    __rt_entry_postli_1                      0x0000014f   Thumb Code     0  __rtentry2.o(.ARM.Collect$$rtentry$$0000000C)
    __rt_exit                                0x00000157   Thumb Code     0  rtexit.o(.ARM.Collect$$rtexit$$00000000)
    __rt_exit_ls                             0x00000159   Thumb Code     0  rtexit2.o(.ARM.Collect$$rtexit$$00000003)
    __rt_exit_prels_1                        0x00000159   Thumb Code     0  rtexit2.o(.ARM.Collect$$rtexit$$00000002)
    __rt_exit_exit                           0x0000015d   Thumb Code     0  rtexit2.o(.ARM.Collect$$rtexit$$00000004)
    __aeabi_memcpy4                          0x00000165   Thumb Code    56  rt_memcpy.o(.emb_text)
    __aeabi_memcpy8                          0x00000165   Thumb Code     0  rt_memcpy.o(.emb_text)
    Reset_Handler                            0x0000019d   Thumb Code     4  startup_lpc11xx.o(.text)
    NMI_Handler                              0x000001a1   Thumb Code     2  startup_lpc11xx.o(.text)
    HardFault_Handler                        0x000001a3   Thumb Code     2  startup_lpc11xx.o(.text)
    MemManage_Handler                        0x000001a5   Thumb Code     2  startup_lpc11xx.o(.text)
    BusFault_Handler                         0x000001a7   Thumb Code     2  startup_lpc11xx.o(.text)
    UsageFault_Handler                       0x000001a9   Thumb Code     2  startup_lpc11xx.o(.text)
    SVC_Handler                              0x000001ab   Thumb Code     2  startup_lpc11xx.o(.text)
    DebugMon_Handler                         0x000001ad   Thumb Code     2  startup_lpc11xx.o(.text)
    PendSV_Handler                           0x000001af   Thumb Code     2  startup_lpc11xx.o(.text)
    ADC_IRQHandler                           0x000001b3   Thumb Code     0  startup_lpc11xx.o(.text)
    BOD_IRQHandler                           0x000001b3   Thumb Code     0  startup_lpc11xx.o(.text)
    CAN_IRQHandler                           0x000001b3   Thumb Code     0  startup_lpc11xx.o(.text)
    FMC_IRQHandler                           0x000001b3   Thumb Code     0  startup_lpc11xx.o(.text)
    SSP0_IRQHandler                          0x000001b3   Thumb Code     0  startup_lpc11xx.o(.text)
    SSP1_IRQHandler                          0x000001b3   Thumb Code     0  startup_lpc11xx.o(.text)
    TIMER16_0_IRQHandler                     0x000001b3   Thumb Code     0  startup_lpc11xx.o(.text)
    TIMER16_1_IRQHandler                     0x000001b3   Thumb Code     0  startup_lpc11xx.o(.text)
    TIMER32_0_IRQHandler                     0x000001b3   Thumb Code     0  startup_lpc11xx.o(.text)
    TIMER32_1_IRQHandler                     0x000001b3   Thumb Code     0  startup_lpc11xx.o(.text)
    UART_IRQHandler                          0x000001b3   Thumb Code     0  startup_lpc11xx.o(.text)
    USB_FIQHandler                           0x000001b3   Thumb Code     0  startup_lpc11xx.o(.text)
    USB_IRQHandler                           0x000001b3   Thumb Code     0  startup_lpc11xx.o(.text)
    WAKEUP_IRQHandler                        0x000001b3   Thumb Code     0  startup_lpc11xx.o(.text)
    WDT_IRQHandler                           0x000001b3   Thumb Code     0  startup_lpc11xx.o(.text)
    __user_initial_stackheap                 0x000001b5   Thumb Code     0  startup_lpc11xx.o(.text)
    Main_PLL_Setup                           0x000001d1   Thumb Code   148  system_lpc11xx.o(.text)
    SystemInit                               0x00000265   Thumb Code    56  system_lpc11xx.o(.text)
    _memset_w                                0x000002b5   Thumb Code    26  rt_memclr.o(.text)
    _memset                                  0x000002cf   Thumb Code    30  rt_memclr.o(.text)
    __aeabi_memclr                           0x000002ed   Thumb Code     4  rt_memclr.o(.text)
    __rt_memclr                              0x000002ed   Thumb Code     0  rt_memclr.o(.text)
    __aeabi_memclr4                          0x000002f1   Thumb Code     0  rt_memclr.o(.text)
    __aeabi_memclr8                          0x000002f1   Thumb Code     0  rt_memclr.o(.text)
    __rt_memclr_w                            0x000002f1   Thumb Code     4  rt_memclr.o(.text)
    __use_two_region_memory                  0x000002f5   Thumb Code     2  heapauxi.o(.text)
    __rt_heap_escrow$2region                 0x000002f7   Thumb Code     2  heapauxi.o(.text)
    __rt_heap_expand$2region                 0x000002f9   Thumb Code     2  heapauxi.o(.text)
    __I$use$semihosting                      0x000002fb   Thumb Code     0  use_no_semi.o(.text)
    __use_no_semihosting_swi                 0x000002fb   Thumb Code     2  use_no_semi.o(.text)
    DL_I2C_Callback                          0x00000301   Thumb Code   232  daisylink.o(.text)
    GetTicks                                 0x000003e9   Thumb Code     8  daisylink.o(.text)
    ResetToInitState                         0x000003f1   Thumb Code    68  daisylink.o(.text)
    DL_Initialize                            0x00000435   Thumb Code    36  daisylink.o(.text)
    DL_Process                               0x00000459   Thumb Code   466  daisylink.o(.text)
    DL_Interrupt                             0x0000062b   Thumb Code    54  daisylink.o(.text)
    GPIOIntClear                             0x0000068d   Thumb Code    88  gpio.o(.text)
    GPIOIntStatus                            0x000006e5   Thumb Code   102  gpio.o(.text)
    PIOINT0_IRQHandler                       0x0000074b   Thumb Code    46  gpio.o(.text)
    PIOINT1_IRQHandler                       0x00000779   Thumb Code    46  gpio.o(.text)
    PIOINT2_IRQHandler                       0x000007a7   Thumb Code    46  gpio.o(.text)
    PIOINT3_IRQHandler                       0x000007d5   Thumb Code    46  gpio.o(.text)
    GPIOInit                                 0x00000803   Thumb Code    64  gpio.o(.text)
    GPIOSetInterrupt                         0x00000843   Thumb Code   446  gpio.o(.text)
    GPIOIntEnable                            0x00000a01   Thumb Code    88  gpio.o(.text)
    GPIOIntDisable                           0x00000a59   Thumb Code   146  gpio.o(.text)
    GPIOGetValue                             0x00000aeb   Thumb Code    18  gpio.o(.text)
    GPIOSetValue                             0x00000afd   Thumb Code    22  gpio.o(.text)
    GPIOSetDir                               0x00000b13   Thumb Code    78  gpio.o(.text)
    DrvGPIO_SetBit                           0x00000b61   Thumb Code    18  gpio.o(.text)
    DrvGPIO_ClrBit                           0x00000b73   Thumb Code    18  gpio.o(.text)
    DrvGPIO_GetBit                           0x00000b85   Thumb Code    16  gpio.o(.text)
    DrvGPIO_Open                             0x00000b95   Thumb Code    80  gpio.o(.text)
    HAL_I2C_Enable                           0x00000c15   Thumb Code    16  hal_lpc1114f302.o(.text)
    HAL_I2C_Disable                          0x00000c25   Thumb Code     2  hal_lpc1114f302.o(.text)
    HAL_I2C_Write                            0x00000c27   Thumb Code    12  hal_lpc1114f302.o(.text)
    HAL_I2C_Read                             0x00000c33   Thumb Code     8  hal_lpc1114f302.o(.text)
    HAL_I2C_SetAddress                       0x00000c3b   Thumb Code    38  hal_lpc1114f302.o(.text)
    SysTick_Handler                          0x00000c61   Thumb Code    12  hal_lpc1114f302.o(.text)
    HAL_Init_SysTick100us                    0x00000c6d   Thumb Code    64  hal_lpc1114f302.o(.text)
    HAL_GetTicks100us                        0x00000cad   Thumb Code     6  hal_lpc1114f302.o(.text)
    HAL_Delay100us                           0x00000cb3   Thumb Code    18  hal_lpc1114f302.o(.text)
    HAL_ResetChip                            0x00000cc5   Thumb Code    48  hal_lpc1114f302.o(.text)
    HAL_Assert                               0x00000cf5   Thumb Code    16  hal_lpc1114f302.o(.text)
    I2C_IRQHandler                           0x00000d95   Thumb Code   458  i2c.o(.text)
    I2CSlaveInit                             0x00000f5f   Thumb Code   168  i2c.o(.text)
    DrvI2C_WriteData                         0x00001007   Thumb Code     8  i2c.o(.text)
    DrvI2C_ReadData                          0x0000100f   Thumb Code    10  i2c.o(.text)
    DrvI2C_SetAddress                        0x00001019   Thumb Code    24  i2c.o(.text)
    DrvI2C_Ctrl                              0x00001031   Thumb Code    64  i2c.o(.text)
    DL40_UpdatePinState                      0x00001085   Thumb Code    88  dl40.o(.text)
    main                                     0x000010dd   Thumb Code    66  dl40.o(.text)
    DL_Platform_WriteRegister                0x0000111f   Thumb Code    14  dl40.o(.text)
    DL_Platform_ReadRegister                 0x0000112d   Thumb Code    18  dl40.o(.text)
    HAL_SharedPinLow                         0x0000113f   Thumb Code    58  dl40.o(.text)
    HAL_SharedPinInput                       0x00001179   Thumb Code    42  dl40.o(.text)
    HAL_SharedPinRead                        0x000011a3   Thumb Code    58  dl40.o(.text)
    HAL_I2C_SetPullups                       0x000011dd   Thumb Code    68  dl40.o(.text)
    __aeabi_memcpy                           0x00001225   Thumb Code   130  rt_memcpy.o(.text)
    __rt_memcpy                              0x00001225   Thumb Code     0  rt_memcpy.o(.text)
    __aeabi_uidiv                            0x000012a7   Thumb Code     0  aeabi_sdiv.o(.text)
    __aeabi_uidivmod                         0x000012a7   Thumb Code    20  aeabi_sdiv.o(.text)
    __aeabi_idiv                             0x000012bb   Thumb Code     0  aeabi_sdiv.o(.text)
    __aeabi_idivmod                          0x000012bb   Thumb Code   326  aeabi_sdiv.o(.text)
    __user_setup_stackheap                   0x00001401   Thumb Code    62  sys_stackheap_outer.o(.text)
    exit                                     0x0000143f   Thumb Code    16  exit.o(.text)
    __user_libspace                          0x00001451   Thumb Code     8  libspace.o(.text)
    __user_perproc_libspace                  0x00001451   Thumb Code     0  libspace.o(.text)
    __user_perthread_libspace                0x00001451   Thumb Code     0  libspace.o(.text)
    _sys_exit                                0x00001459   Thumb Code     8  sys_exit.o(.text)
    __ARM_common_switch8                     0x00001465   Thumb Code    28  daisylink.o(i.__ARM_common_switch8)
    __semihosting_library_function           0x00001465   Thumb Code     0  indicate_semi.o(.text)
    Region$$Table$$Base                      0x00001490   Number         0  anon$$obj.o(Region$$Table)
    Region$$Table$$Limit                     0x000014b0   Number         0  anon$$obj.o(Region$$Table)
    reg                                      0x10000000   Data           1  daisylink.o(.data)
    offset                                   0x10000004   Data           4  daisylink.o(.data)
    State                                    0x10000008   Data           1  daisylink.o(.data)
    InterruptPulse                           0x10000009   Data           1  daisylink.o(.data)
    DrivingNeighborBus                       0x1000000a   Data           1  daisylink.o(.data)
    lastHigh                                 0x1000000c   Data           4  daisylink.o(.data)
    intStart                                 0x10000010   Data           4  daisylink.o(.data)
    DL_Reg                                   0x10000014   Data           8  daisylink.o(.data)
    I2CRAM                                   0x1000001c   Data           4  daisylink.o(.data)
    gpio0_counter                            0x10000020   Data           4  gpio.o(.data)
    gpio1_counter                            0x10000024   Data           4  gpio.o(.data)
    gpio2_counter                            0x10000028   Data           4  gpio.o(.data)
    gpio3_counter                            0x1000002c   Data           4  gpio.o(.data)
    p0_1_counter                             0x10000030   Data           4  gpio.o(.data)
    p1_1_counter                             0x10000034   Data           4  gpio.o(.data)
    p2_1_counter                             0x10000038   Data           4  gpio.o(.data)
    p3_1_counter                             0x1000003c   Data           4  gpio.o(.data)
    ticks                                    0x10000040   Data           4  hal_lpc1114f302.o(.data)
    ClockSource                              0x10000044   Data           4  system_lpc11xx.o(.data)
    SystemFrequency                          0x10000048   Data           4  system_lpc11xx.o(.data)
    SystemAHBFrequency                       0x1000004c   Data           4  system_lpc11xx.o(.data)
    Reg                                      0x10000050   Data          13  dl40.o(.bss)
    __libspace_start                         0x10000060   Data          96  libspace.o(.bss)
    __temporary_stack_top$libspace           0x100000c0   Data           0  libspace.o(.bss)



==============================================================================

Memory Map of the image

  Image Entry point : 0x000000c1

  Load Region LR_IROM1 (Base: 0x00000000, Size: 0x00001500, Max: 0x00006000, ABSOLUTE)

    Execution Region ER_IROM1 (Exec base: 0x00000000, Load base: 0x00000000, Size: 0x000014b0, Max: 0x00006000, ABSOLUTE)

    Exec Addr    Load Addr    Size         Type   Attr      Idx    E Section Name        Object

    0x00000000   0x00000000   0x000000c0   Data   RO          241    RESET               startup_lpc11xx.o
    0x000000c0   0x000000c0   0x00000008   Code   RO          286  * !!!main             c_p.l(__main.o)
    0x000000c8   0x000000c8   0x0000003c   Code   RO          455    !!!scatter          c_p.l(__scatter.o)
    0x00000104   0x00000104   0x0000001a   Code   RO          457    !!handler_copy      c_p.l(__scatter_copy.o)
    0x0000011e   0x0000011e   0x00000002   PAD
    0x00000120   0x00000120   0x0000001c   Code   RO          459    !!handler_zi        c_p.l(__scatter_zi.o)
    0x0000013c   0x0000013c   0x00000002   Code   RO          324    .ARM.Collect$$libinit$$00000000  c_p.l(libinit.o)
    0x0000013e   0x0000013e   0x00000000   Code   RO          338    .ARM.Collect$$libinit$$00000002  c_p.l(libinit2.o)
    0x0000013e   0x0000013e   0x00000000   Code   RO          340    .ARM.Collect$$libinit$$00000004  c_p.l(libinit2.o)
    0x0000013e   0x0000013e   0x00000000   Code   RO          343    .ARM.Collect$$libinit$$0000000A  c_p.l(libinit2.o)
    0x0000013e   0x0000013e   0x00000000   Code   RO          345    .ARM.Collect$$libinit$$0000000C  c_p.l(libinit2.o)
    0x0000013e   0x0000013e   0x00000000   Code   RO          347    .ARM.Collect$$libinit$$0000000E  c_p.l(libinit2.o)
    0x0000013e   0x0000013e   0x00000000   Code   RO          350    .ARM.Collect$$libinit$$00000011  c_p.l(libinit2.o)
    0x0000013e   0x0000013e   0x00000000   Code   RO          352    .ARM.Collect$$libinit$$00000013  c_p.l(libinit2.o)
    0x0000013e   0x0000013e   0x00000000   Code   RO          354    .ARM.Collect$$libinit$$00000015  c_p.l(libinit2.o)
    0x0000013e   0x0000013e   0x00000000   Code   RO          356    .ARM.Collect$$libinit$$00000017  c_p.l(libinit2.o)
    0x0000013e   0x0000013e   0x00000000   Code   RO          358    .ARM.Collect$$libinit$$00000019  c_p.l(libinit2.o)
    0x0000013e   0x0000013e   0x00000000   Code   RO          360    .ARM.Collect$$libinit$$0000001B  c_p.l(libinit2.o)
    0x0000013e   0x0000013e   0x00000000   Code   RO          362    .ARM.Collect$$libinit$$0000001D  c_p.l(libinit2.o)
    0x0000013e   0x0000013e   0x00000000   Code   RO          364    .ARM.Collect$$libinit$$0000001F  c_p.l(libinit2.o)
    0x0000013e   0x0000013e   0x00000000   Code   RO          366    .ARM.Collect$$libinit$$00000021  c_p.l(libinit2.o)
    0x0000013e   0x0000013e   0x00000000   Code   RO          368    .ARM.Collect$$libinit$$00000023  c_p.l(libinit2.o)
    0x0000013e   0x0000013e   0x00000000   Code   RO          370    .ARM.Collect$$libinit$$00000025  c_p.l(libinit2.o)
    0x0000013e   0x0000013e   0x00000000   Code   RO          374    .ARM.Collect$$libinit$$0000002C  c_p.l(libinit2.o)
    0x0000013e   0x0000013e   0x00000000   Code   RO          376    .ARM.Collect$$libinit$$0000002E  c_p.l(libinit2.o)
    0x0000013e   0x0000013e   0x00000000   Code   RO          378    .ARM.Collect$$libinit$$00000030  c_p.l(libinit2.o)
    0x0000013e   0x0000013e   0x00000000   Code   RO          380    .ARM.Collect$$libinit$$00000032  c_p.l(libinit2.o)
    0x0000013e   0x0000013e   0x00000002   Code   RO          381    .ARM.Collect$$libinit$$00000033  c_p.l(libinit2.o)
    0x00000140   0x00000140   0x00000002   Code   RO          412    .ARM.Collect$$libshutdown$$00000000  c_p.l(libshutdown.o)
    0x00000142   0x00000142   0x00000000   Code   RO          438    .ARM.Collect$$libshutdown$$00000002  c_p.l(libshutdown2.o)
    0x00000142   0x00000142   0x00000000   Code   RO          440    .ARM.Collect$$libshutdown$$00000004  c_p.l(libshutdown2.o)
    0x00000142   0x00000142   0x00000000   Code   RO          443    .ARM.Collect$$libshutdown$$00000007  c_p.l(libshutdown2.o)
    0x00000142   0x00000142   0x00000000   Code   RO          446    .ARM.Collect$$libshutdown$$0000000A  c_p.l(libshutdown2.o)
    0x00000142   0x00000142   0x00000000   Code   RO          448    .ARM.Collect$$libshutdown$$0000000C  c_p.l(libshutdown2.o)
    0x00000142   0x00000142   0x00000000   Code   RO          451    .ARM.Collect$$libshutdown$$0000000F  c_p.l(libshutdown2.o)
    0x00000142   0x00000142   0x00000002   Code   RO          452    .ARM.Collect$$libshutdown$$00000010  c_p.l(libshutdown2.o)
    0x00000144   0x00000144   0x00000000   Code   RO          288    .ARM.Collect$$rtentry$$00000000  c_p.l(__rtentry.o)
    0x00000144   0x00000144   0x00000000   Code   RO          294    .ARM.Collect$$rtentry$$00000002  c_p.l(__rtentry2.o)
    0x00000144   0x00000144   0x00000006   Code   RO          306    .ARM.Collect$$rtentry$$00000004  c_p.l(__rtentry4.o)
    0x0000014a   0x0000014a   0x00000000   Code   RO          296    .ARM.Collect$$rtentry$$00000009  c_p.l(__rtentry2.o)
    0x0000014a   0x0000014a   0x00000004   Code   RO          297    .ARM.Collect$$rtentry$$0000000A  c_p.l(__rtentry2.o)
    0x0000014e   0x0000014e   0x00000000   Code   RO          299    .ARM.Collect$$rtentry$$0000000C  c_p.l(__rtentry2.o)
    0x0000014e   0x0000014e   0x00000008   Code   RO          300    .ARM.Collect$$rtentry$$0000000D  c_p.l(__rtentry2.o)
    0x00000156   0x00000156   0x00000002   Code   RO          329    .ARM.Collect$$rtexit$$00000000  c_p.l(rtexit.o)
    0x00000158   0x00000158   0x00000000   Code   RO          385    .ARM.Collect$$rtexit$$00000002  c_p.l(rtexit2.o)
    0x00000158   0x00000158   0x00000004   Code   RO          386    .ARM.Collect$$rtexit$$00000003  c_p.l(rtexit2.o)
    0x0000015c   0x0000015c   0x00000006   Code   RO          387    .ARM.Collect$$rtexit$$00000004  c_p.l(rtexit2.o)
    0x00000162   0x00000162   0x00000002   PAD
    0x00000164   0x00000164   0x00000038   Code   RO          274    .emb_text           c_p.l(rt_memcpy.o)
    0x0000019c   0x0000019c   0x00000034   Code   RO          243    .text               startup_lpc11xx.o
    0x000001d0   0x000001d0   0x000000e4   Code   RO          251    .text               system_lpc11xx.o
    0x000002b4   0x000002b4   0x00000040   Code   RO          278    .text               c_p.l(rt_memclr.o)
    0x000002f4   0x000002f4   0x00000006   Code   RO          284    .text               c_p.l(heapauxi.o)
    0x000002fa   0x000002fa   0x00000002   Code   RO          401    .text               c_p.l(use_no_semi.o)
    0x000002fc   0x000002fc   0x00000004   Code   RO          242    .ARM.__at_0x02FC    startup_lpc11xx.o
    0x00000300   0x00000300   0x0000038c   Code   RO            1    .text               daisylink.o
    0x0000068c   0x0000068c   0x00000588   Code   RO           37    .text               gpio.o
    0x00000c14   0x00000c14   0x00000180   Code   RO           87    .text               hal_lpc1114f302.o
    0x00000d94   0x00000d94   0x000002f0   Code   RO          140    .text               i2c.o
    0x00001084   0x00001084   0x000001a0   Code   RO          182    .text               dl40.o
    0x00001224   0x00001224   0x00000082   Code   RO          275    .text               c_p.l(rt_memcpy.o)
    0x000012a6   0x000012a6   0x0000015a   Code   RO          280    .text               c_p.l(aeabi_sdiv.o)
    0x00001400   0x00001400   0x0000003e   Code   RO          310    .text               c_p.l(sys_stackheap_outer.o)
    0x0000143e   0x0000143e   0x00000010   Code   RO          313    .text               c_p.l(exit.o)
    0x0000144e   0x0000144e   0x00000002   PAD
    0x00001450   0x00001450   0x00000008   Code   RO          325    .text               c_p.l(libspace.o)
    0x00001458   0x00001458   0x0000000c   Code   RO          382    .text               c_p.l(sys_exit.o)
    0x00001464   0x00001464   0x00000000   Code   RO          403    .text               c_p.l(indicate_semi.o)
    0x00001464   0x00001464   0x0000001c   Code   RO           14    i.__ARM_common_switch8  daisylink.o
    0x00001480   0x00001480   0x00000010   Data   RO           38    .constdata          gpio.o
    0x00001490   0x00001490   0x00000020   Data   RO          453    Region$$Table       anon$$obj.o


    Execution Region RW_IRAM1 (Exec base: 0x10000000, Load base: 0x000014b0, Size: 0x000002c0, Max: 0x00002000, ABSOLUTE)

    Exec Addr    Load Addr    Size         Type   Attr      Idx    E Section Name        Object

    0x10000000   0x000014b0   0x00000020   Data   RW            2    .data               daisylink.o
    0x10000020   0x000014d0   0x00000020   Data   RW           39    .data               gpio.o
    0x10000040   0x000014f0   0x00000004   Data   RW           89    .data               hal_lpc1114f302.o
    0x10000044   0x000014f4   0x0000000c   Data   RW          252    .data               system_lpc11xx.o
    0x10000050        -       0x0000000d   Zero   RW          183    .bss                dl40.o
    0x1000005d   0x00001500   0x00000003   PAD
    0x10000060        -       0x00000060   Zero   RW          326    .bss                c_p.l(libspace.o)
    0x100000c0        -       0x00000000   Zero   RW          240    HEAP                startup_lpc11xx.o
    0x100000c0        -       0x00000200   Zero   RW          239    STACK               startup_lpc11xx.o


==============================================================================

Image component sizes


      Code (inc. data)   RO Data    RW Data    ZI Data      Debug   Object Name

       936         60          0         32          0       6035   daisylink.o
       416          4          0          0         13       4253   dl40.o
      1416         80         16         32          0      24429   gpio.o
       384         30          0          4          0      19755   hal_lpc1114f302.o
       752         48          0          0          0       2625   i2c.o
        56         22        192          0        512        956   startup_lpc11xx.o
       228         24          0         12          0       1017   system_lpc11xx.o

    ----------------------------------------------------------------------
      4188        268        240         80        528      59070   Object Totals
         0          0         32          0          0          0   (incl. Generated)
         0          0          0          0          3          0   (incl. Padding)

    ----------------------------------------------------------------------

      Code (inc. data)   RO Data    RW Data    ZI Data      Debug   Library Member Name

         8          0          0          0          0         68   __main.o
         0          0          0          0          0          0   __rtentry.o
        12          0          0          0          0          0   __rtentry2.o
         6          0          0          0          0          0   __rtentry4.o
        60          8          0          0          0          0   __scatter.o
        26          0          0          0          0          0   __scatter_copy.o
        28          0          0          0          0          0   __scatter_zi.o
       346          0          0          0          0         92   aeabi_sdiv.o
        16          0          0          0          0         68   exit.o
         6          0          0          0          0        136   heapauxi.o
         0          0          0          0          0          0   indicate_semi.o
         2          0          0          0          0          0   libinit.o
         2          0          0          0          0          0   libinit2.o
         2          0          0          0          0          0   libshutdown.o
         2          0          0          0          0          0   libshutdown2.o
         8          4          0          0         96         68   libspace.o
        64          0          0          0          0        108   rt_memclr.o
       186          0          0          0          0        144   rt_memcpy.o
         2          0          0          0          0          0   rtexit.o
        10          0          0          0          0          0   rtexit2.o
        12          4          0          0          0         60   sys_exit.o
        62          0          0          0          0         80   sys_stackheap_outer.o
         2          0          0          0          0         68   use_no_semi.o

    ----------------------------------------------------------------------
       868         16          0          0         96        892   Library Totals
         6          0          0          0          0          0   (incl. Padding)

    ----------------------------------------------------------------------

      Code (inc. data)   RO Data    RW Data    ZI Data      Debug   Library Name

       862         16          0          0         96        892   c_p.l

    ----------------------------------------------------------------------
       868         16          0          0         96        892   Library Totals

    ----------------------------------------------------------------------

==============================================================================


      Code (inc. data)   RO Data    RW Data    ZI Data      Debug   

      5056        284        240         80        624      59238   Grand Totals
      5056        284        240         80        624      59238   ELF Image Totals
      5056        284        240         80          0          0   ROM Totals

==============================================================================

    Total RO  Size (Code + RO Data)                 5296 (   5.17kB)
    Total RW  Size (RW Data + ZI Data)               704 (   0.69kB)
    Total ROM Size (Code + RO Data + RW Data)       5376 (   5.25kB)

==============================================================================

