<html>
<body>
<pre>
<h1>µVision Build Log</h1>
<h2>Project:</h2>
G:\Data\Code\LPC1114F_302\DL40_Module\DL40.uvproj
Project File Date:  04/27/2012

<h2>Output:</h2>
Clean started: Project: 'DL40'
   deleting intermediate output files for target 'DL40_Flash'
Clean started: Project: 'DL40'
   deleting intermediate output files for target 'DL40_Flash'
Rebuild target 'DL40_Flash'
compiling DaisyLink.c...
DaisyLink.c: error: C3906U: Malformed via file '.\flash\daisylink.__i'.
Target not created
Build target 'DL40_Flash'
compiling DaisyLink.c...
DaisyLink.c: error: C3906U: Malformed via file '.\flash\daisylink.__i'.
Target not created
Clean started: Project: 'DL40'
   deleting intermediate output files for target 'DL40_Flash'
Rebuild target 'DL40_Flash'
compiling DaisyLink.c...
DaisyLink.c: error: C3906U: Malformed via file '.\flash\daisylink.__i'.
Target not created
Clean started: Project: 'DL40'
   deleting intermediate output files for target 'DL40_Flash'
Rebuild target 'DL40_Flash'
compiling DaisyLink.c...
DaisyLink\DaisyLink.c(4): warning:  #68-D: integer conversion resulted in a change of sign
compiling gpio.c...
compiling HAL_LPC1114F302.c...
compiling I2C.c...
compiling DL40.c...
assembling startup_LPC11xx.s...
compiling system_LPC11xx.c...
linking...
Program Size: Code=4972 RO-data=240 RW-data=88 ZI-data=624  
FromELF: creating hex file...
".\Flash\DL40.axf" - 0 Error(s), 1 Warning(s).
Load "G:\\Data\\Code\\LPC1114F_302\\DL40_Module\\Flash\\DL40.AXF" 
Set JLink Project File to "G:\Data\Code\LPC1114F_302\DL40_Module\JLinkSettings.ini"
 
JLink info:
------------
DLL: V4.40c, compiled Jan 24 2012 09:30:33
Firmware: J-Link ARM V8 compiled Dec  6 2011 18:57:44
Hardware: V8.00
S/N : 58006981 
 
* JLink Info: Found SWD-DP with ID 0x0BB11477
* JLink Info:   FPUnit: 4 code (BP) slots and 0 literal slots
* JLink Info: Found Cortex-M0 r0p0, Little endian.
ROMTableAddr = 0xE00FF003
* JLink Info: Found SWD-DP with ID 0x0BB11477
* JLink Info:   FPUnit: 4 code (BP) slots and 0 literal slots
* JLink Info: Found Cortex-M0 r0p0, Little endian.
 
Target info:
------------
Device: LPC1114/302
VTarget = 3.345V
State of Pins: 
TCK: 0, TDI: 0, TDO: 0, TMS: 0, TRES: 1, TRST: 1
Hardware-Breakpoints: 4
Software-Breakpoints: 8192
Watchpoints:          2
JTAG speed: 2000 kHz
 
Erase Done.
Programming Done.
Verify OK.
Build target 'DL40_Flash'
compiling DL40.c...
Main\DL40.c(58): error:  #65: expected a ";"
Main\DL40.c(97): error:  #20: identifier "UINT64" is undefined
Main\DL40.c(123): error:  #136: struct "Reg_t" has no field "led0"
Target not created
Build target 'DL40_Flash'
compiling DL40.c...
Main\DL40.c(58): error:  #65: expected a ";"
Target not created
Build target 'DL40_Flash'
compiling DL40.c...
linking...
Program Size: Code=4944 RO-data=240 RW-data=100 ZI-data=652  
FromELF: creating hex file...
".\Flash\DL40.axf" - 0 Error(s), 0 Warning(s).
Build target 'DL40_Flash'
compiling DL40.c...
Main\DL40.c(100): warning:  #177-D: variable "gpio_mask" was declared but never referenced
Main\DL40.c(101): warning:  #177-D: variable "gpio" was declared but never referenced
linking...
Program Size: Code=4956 RO-data=240 RW-data=100 ZI-data=652  
FromELF: creating hex file...
".\Flash\DL40.axf" - 0 Error(s), 2 Warning(s).
Build target 'DL40_Flash'
compiling DL40.c...
linking...
Program Size: Code=4976 RO-data=240 RW-data=100 ZI-data=652  
FromELF: creating hex file...
".\Flash\DL40.axf" - 0 Error(s), 0 Warning(s).
Load "G:\\Data\\Code\\LPC1114F_302\\DL40_Module\\Flash\\DL40.AXF" 
Set JLink Project File to "G:\Data\Code\LPC1114F_302\DL40_Module\JLinkSettings.ini"
 
JLink info:
------------
DLL: V4.40c, compiled Jan 24 2012 09:30:33
Firmware: J-Link ARM V8 compiled Dec  6 2011 18:57:44
Hardware: V8.00
S/N : 58006981 
 
* JLink Info: Found SWD-DP with ID 0x0BB11477
* JLink Info:   FPUnit: 4 code (BP) slots and 0 literal slots
* JLink Info: Found Cortex-M0 r0p0, Little endian.
ROMTableAddr = 0xE00FF003
* JLink Info: Found SWD-DP with ID 0x0BB11477
* JLink Info:   FPUnit: 4 code (BP) slots and 0 literal slots
* JLink Info: Found Cortex-M0 r0p0, Little endian.
 
Target info:
------------
Device: LPC1114/302
VTarget = 3.338V
State of Pins: 
TCK: 0, TDI: 0, TDO: 0, TMS: 0, TRES: 1, TRST: 0
Hardware-Breakpoints: 4
Software-Breakpoints: 8192
Watchpoints:          2
JTAG speed: 2000 kHz
 
Erase Done.
Programming Done.
Verify OK.
