<html>
<body>
<pre>
<h1>µVision Build Log</h1>
<h2>Tool Versions:</h2>
IDE-Version: µVision V5.28.0.0
Copyright (C) 2019 ARM Ltd and ARM Germany GmbH. All rights reserved.
License Information: Roland Schmidt, Roland Schmidt, LIC=----
 
Tool Versions:
Toolchain:       MDK-Lite  Version: 5.28.0.0
Toolchain Path:  C:\Keil_v5\ARM\ARMCC\Bin
C Compiler:      Armcc.exe V5.06 update 6 (build 750)
Assembler:       Armasm.exe V5.06 update 6 (build 750)
Linker/Locator:  ArmLink.exe V5.06 update 6 (build 750)
Library Manager: ArmAr.exe V5.06 update 6 (build 750)
Hex Converter:   FromElf.exe V5.06 update 6 (build 750)
CPU DLL:         SARMCM3.DLL V5.28.0.0
Dialog DLL:      DARMCM1.DLL V1.19.2.0
Target DLL:      Segger\JL2CM3.dll V2.99.36.0
Dialog DLL:      TARMCM1.DLL V1.14.1.0
 
<h2>Project:</h2>
C:\Users\Roland\source\KeilIDE\DL40\DL40.uvprojx
Project File Date:  08/20/2019

<h2>Output:</h2>
*** Using Compiler 'V5.06 update 6 (build 750)', folder: 'C:\Keil_v5\ARM\ARMCC\Bin'
Rebuild target 'DL40_Flash'
compiling DaisyLink.c...
DaisyLink\DaisyLink.c(4): warning:  #68-D: integer conversion resulted in a change of sign
  UINT32 offset = -1;
DaisyLink\DaisyLink.c: 1 warning, 0 errors
compiling HAL_LPC1114F302.c...
compiling gpio.c...
assembling startup_LPC11xx.s...
compiling I2C.c...
compiling DL40.c...
Main\DL40.c(55): warning:  #550-D: variable "i"  was set but never used
    BYTE i=0;
Main\DL40.c: 1 warning, 0 errors
compiling system_LPC11xx.c...
linking...
Program Size: Code=5056 RO-data=240 RW-data=80 ZI-data=624  
FromELF: creating hex file...
After Build - User command #1: fromelf --bin --output=DL40.bin .\Flash\DL40.axf
".\Flash\DL40.axf" - 0 Error(s), 2 Warning(s).

<h2>Software Packages used:</h2>

Package Vendor: ARM
                http://www.keil.com/pack/ARM.CMSIS.5.6.0.pack
                ARM.CMSIS.5.6.0
                CMSIS (Cortex Microcontroller Software Interface Standard)
   * Component: CORE Version: 5.3.0

Package Vendor: Keil
                http://www.keil.com/pack/Keil.LPC1100_DFP.1.4.0.pack
                Keil.LPC1100_DFP.1.4.0
                NXP LPC1100 Series Device Support

<h2>Collection of Component include folders:</h2>
  .\RTE\_DL40_Flash
  C:\Users\Roland\AppData\Local\Arm\Packs\ARM\CMSIS\5.6.0\CMSIS\Core\Include
  C:\Users\Roland\AppData\Local\Arm\Packs\Keil\LPC1100_DFP\1.4.0\Device\Include\LPC11xx

<h2>Collection of Component Files used:</h2>

   * Component: ARM::CMSIS:CORE:5.3.0
Build Time Elapsed:  00:00:01
</pre>
</body>
</html>
